// Jest Snapshot v1, https://goo.gl/fbAQLP

exports[`should render ExpenseListItem correctly 1`] = `
<div>
  <Link
    to="/edit/undefined"
  >
    <h3 />
  </Link>
  <p>
    $0.00
    -
    January 6th, 2020
  </p>
</div>
`;
